    Checking ataqu-infra-repositories v0.1.0 (/Users/adm/Documents/Repos/ataqu-wt/ataqu-task-076-sond-conversational-mode/crates/ataqu-infra-repositories)
    Checking ataqu-application v0.1.0 (/Users/adm/Documents/Repos/ataqu-wt/ataqu-task-076-sond-conversational-mode/crates/ataqu-application)
    Checking ataqu-api v0.1.0 (/Users/adm/Documents/Repos/ataqu-wt/ataqu-task-076-sond-conversational-mode/crates/ataqu-api)
error[E0433]: cannot find module or crate `ataqu_infra_storage` in this scope
  --> crates/ataqu-api/src/lib.rs:31:5
   |
31 | use ataqu_infra_storage::s3_service::S3Service;
   |     ^^^^^^^^^^^^^^^^^^^ use of unresolved module or unlinked crate `ataqu_infra_storage`
   |
   = help: if you wanted to use a crate named `ataqu_infra_storage`, use `cargo add ataqu_infra_storage` to add it to your `Cargo.toml`

error[E0432]: unresolved import `ataqu_domain_aegis::repository`
  --> crates/ataqu-api/src/lib.rs:30:25
   |
30 | use ataqu_domain_aegis::repository::AuditRepositoryTrait;
   |                         ^^^^^^^^^^ could not find `repository` in `ataqu_domain_aegis`

error[E0433]: cannot find `repository` in `ataqu_domain_aegis`
  --> crates/ataqu-api/src/lib.rs:62:49
   |
62 |     pub audit_repo: Arc<dyn ataqu_domain_aegis::repository::AuditRepositoryTrait + Send + Sync>,
   |                                                 ^^^^^^^^^^ could not find `repository` in `ataqu_domain_aegis`

error[E0433]: cannot find module or crate `ataqu_infra_storage` in this scope
  --> crates/ataqu-api/src/lib.rs:63:25
   |
63 |     pub s3_service: Arc<ataqu_infra_storage::s3_service::S3Service>,
   |                         ^^^^^^^^^^^^^^^^^^^ use of unresolved module or unlinked crate `ataqu_infra_storage`
   |
   = help: if you wanted to use a crate named `ataqu_infra_storage`, use `cargo add ataqu_infra_storage` to add it to your `Cargo.toml`

error[E0425]: cannot find type `HealthService` in module `ataqu_application::health_service`
  --> crates/ataqu-api/src/lib.rs:60:64
   |
60 |     pub health_service: Arc<ataqu_application::health_service::HealthService>,
   |                                                                ^^^^^^^^^^^^^ not found in `ataqu_application::health_service`

error[E0425]: cannot find type `OnboardingService` in module `ataqu_application::onboarding_service`
  --> crates/ataqu-api/src/lib.rs:65:72
   |
65 |     pub onboarding_service: Arc<ataqu_application::onboarding_service::OnboardingService>,
   |                                                                        ^^^^^^^^^^^^^^^^^ not found in `ataqu_application::onboarding_service`

error[E0425]: cannot find type `ChangelogService` in module `ataqu_application::changelog_service`
  --> crates/ataqu-api/src/lib.rs:66:70
   |
66 |     pub changelog_service: Arc<ataqu_application::changelog_service::ChangelogService>,
   |                                                                      ^^^^^^^^^^^^^^^^ not found in `ataqu_application::changelog_service`

error: unused import: `ataqu_application::pause_service::IdempotencyPort`
  --> crates/ataqu-api/src/lib.rs:22:5
   |
22 | use ataqu_application::pause_service::IdempotencyPort;
   |     ^^^^^^^^^^^^^^^^^^^^^^^^^^^^^^^^^^^^^^^^^^^^^^^^^
   |
   = note: `-D unused-imports` implied by `-D warnings`
   = help: to override `-D warnings` add `#[allow(unused_imports)]`

Some errors have detailed explanations: E0425, E0432, E0433.
For more information about an error, try `rustc --explain E0425`.
error: could not compile `ataqu-api` (lib test) due to 8 previous errors
warning: build failed, waiting for other jobs to finish...
error: could not compile `ataqu-api` (lib) due to 8 previous errors
